[    5771ms] [INFO] %cDownload the React DevTools for a better development experience: https://react.dev/link/react-devtools font-weight:bold @ http://localhost:3000/_next/static/chunks/0b8u_next_dist_13_f1.p._.js:2477
[    5950ms] [LOG] [HMR] connected @ http://localhost:3000/_next/static/chunks/0b8u_next_dist_13_f1.p._.js:2477
[    6610ms] [LOG] %c[Vercel Speed Insights]%c Debug mode is enabled by default in development. No requests will be sent to the server. color: rgb(120, 120, 120) color: inherit @ http://localhost:3000/_next/static/chunks/0b8u_next_dist_13_f1.p._.js:2477
[    6613ms] [LOG] %c[Vercel Web Analytics]%c Debug mode is enabled by default in development. No requests will be sent to the server. color: rgb(120, 120, 120) color: inherit @ http://localhost:3000/_next/static/chunks/0b8u_next_dist_13_f1.p._.js:2477
[    6614ms] [LOG] %c[Vercel Web Analytics]%c Running queued event color: rgb(120, 120, 120) color: inherit pageview {route: /, path: /} @ http://localhost:3000/_next/static/chunks/0b8u_next_dist_13_f1.p._.js:2477
[    6615ms] [LOG] %c[Vercel Web Analytics]%c [view] http://localhost:3000/ color: rgb(120, 120, 120) color: inherit {o: http://localhost:3000/, sv: 0.1.3, sdkn: @vercel/analytics/next, sdkv: 2.0.1, ts: 1779456674514} /_vercel/insights/view @ http://localhost:3000/_next/static/chunks/0b8u_next_dist_13_f1.p._.js:2477
[    6990ms] [LOG] [Fast Refresh] rebuilding @ http://localhost:3000/_next/static/chunks/0b8u_next_dist_13_f1.p._.js:2477
[    7936ms] [LOG] [Fast Refresh] done in 1047ms @ http://localhost:3000/_next/static/chunks/0b8u_next_dist_13_f1.p._.js:2477
[    9685ms] [ERROR] Failed to load resource: the server responded with a status of 404 (Not Found) @ http://localhost:3000/favicon.ico:0
[   51118ms] [LOG] %c[Vercel Speed Insights]%c [vitals] color: rgb(120, 120, 120) color: inherit {speed: 4g, metrics: Array(3), scriptVersion: 0.1.3, sdkName: @vercel/speed-insights/next, sdkVersion: 2.0.0} /_vercel/speed-insights/vitals @ http://localhost:3000/_next/static/chunks/0b8u_next_dist_13_f1.p._.js:2477
[   57146ms] [LOG] %c[Vercel Speed Insights]%c [vitals] color: rgb(120, 120, 120) color: inherit {speed: 4g, metrics: Array(1), scriptVersion: 0.1.3, sdkName: @vercel/speed-insights/next, sdkVersion: 2.0.0} /_vercel/speed-insights/vitals @ http://localhost:3000/_next/static/chunks/0b8u_next_dist_13_f1.p._.js:2477
[   67687ms] [LOG] [Fast Refresh] rebuilding @ http://localhost:3000/_next/static/chunks/0b8u_next_dist_13_f1.p._.js:2477
[   67700ms] [LOG] [Fast Refresh] done in 114ms @ http://localhost:3000/_next/static/chunks/0b8u_next_dist_13_f1.p._.js:2477
[   67918ms] [LOG] %c[Vercel Speed Insights]%c [vitals] color: rgb(120, 120, 120) color: inherit {speed: 4g, metrics: Array(1), scriptVersion: 0.1.3, sdkName: @vercel/speed-insights/next, sdkVersion: 2.0.0} /_vercel/speed-insights/vitals @ http://localhost:3000/_next/static/chunks/0b8u_next_dist_13_f1.p._.js:2477
[   67918ms] [LOG] %c[Vercel Speed Insights]%c [vitals] color: rgb(120, 120, 120) color: inherit {speed: 4g, metrics: Array(1), scriptVersion: 0.1.3, sdkName: @vercel/speed-insights/next, sdkVersion: 2.0.0} /_vercel/speed-insights/vitals @ http://localhost:3000/_next/static/chunks/0b8u_next_dist_13_f1.p._.js:2477
[   68105ms] [INFO] %cDownload the React DevTools for a better development experience: https://react.dev/link/react-devtools font-weight:bold @ http://localhost:3000/_next/static/chunks/0b8u_next_dist_13_f1.p._.js:2477
[   68142ms] [LOG] [HMR] connected @ http://localhost:3000/_next/static/chunks/0b8u_next_dist_13_f1.p._.js:2477
[   68275ms] [LOG] %c[Vercel Web Analytics]%c Debug mode is enabled by default in development. No requests will be sent to the server. color: rgb(120, 120, 120) color: inherit @ http://localhost:3000/_next/static/chunks/0b8u_next_dist_13_f1.p._.js:2477
[   68276ms] [LOG] %c[Vercel Web Analytics]%c Running queued event color: rgb(120, 120, 120) color: inherit pageview {route: /, path: /} @ http://localhost:3000/_next/static/chunks/0b8u_next_dist_13_f1.p._.js:2477
[   68276ms] [LOG] %c[Vercel Web Analytics]%c [view] http://localhost:3000/ color: rgb(120, 120, 120) color: inherit {o: http://localhost:3000/, sv: 0.1.3, sdkn: @vercel/analytics/next, sdkv: 2.0.1, ts: 1779456736175} /_vercel/insights/view @ http://localhost:3000/_next/static/chunks/0b8u_next_dist_13_f1.p._.js:2477
[   68277ms] [LOG] %c[Vercel Speed Insights]%c Debug mode is enabled by default in development. No requests will be sent to the server. color: rgb(120, 120, 120) color: inherit @ http://localhost:3000/_next/static/chunks/0b8u_next_dist_13_f1.p._.js:2477
[ 1517201ms] [LOG] [Fast Refresh] rebuilding @ http://localhost:3000/_next/static/chunks/0b8u_next_dist_13_f1.p._.js:2477
[ 1518453ms] [LOG] [Fast Refresh] done in 971ms @ http://localhost:3000/_next/static/chunks/0b8u_next_dist_13_f1.p._.js:2477
[ 1519313ms] [LOG] [Fast Refresh] rebuilding @ http://localhost:3000/_next/static/chunks/0b8u_next_dist_13_f1.p._.js:2477
[ 1519345ms] [LOG] [Fast Refresh] done in 132ms @ http://localhost:3000/_next/static/chunks/0b8u_next_dist_13_f1.p._.js:2477
[14123151ms] [LOG] [HMR] connected @ http://localhost:3000/_next/static/chunks/0b8u_next_dist_13_f1.p._.js:2477
[14142218ms] [LOG] [HMR] connected @ http://localhost:3000/_next/static/chunks/0b8u_next_dist_13_f1.p._.js:2477
[90985726ms] [LOG] [HMR] connected @ http://localhost:3000/_next/static/chunks/0b8u_next_dist_13_f1.p._.js:2477
[173552702ms] [LOG] [HMR] connected @ http://localhost:3000/_next/static/chunks/0b8u_next_dist_13_f1.p._.js:2477
[188141277ms] [LOG] [HMR] connected @ http://localhost:3000/_next/static/chunks/0b8u_next_dist_13_f1.p._.js:2477
[188196370ms] [LOG] %c[Vercel Speed Insights]%c [vitals] color: rgb(120, 120, 120) color: inherit {speed: 4g, metrics: Array(5), scriptVersion: 0.1.3, sdkName: @vercel/speed-insights/next, sdkVersion: 2.0.0} /_vercel/speed-insights/vitals @ http://localhost:3000/_next/static/chunks/0b8u_next_dist_13_f1.p._.js:2477
[188196371ms] [LOG] %c[Vercel Speed Insights]%c [vitals] color: rgb(120, 120, 120) color: inherit {speed: 4g, metrics: Array(1), scriptVersion: 0.1.3, sdkName: @vercel/speed-insights/next, sdkVersion: 2.0.0} /_vercel/speed-insights/vitals @ http://localhost:3000/_next/static/chunks/0b8u_next_dist_13_f1.p._.js:2477
